warning: The following options were not recognized by any processor: '[dagger.fastInit, dagger.hilt.android.internal.disableAndroidSuperclassValidation, dagger.hilt.android.internal.projectType, dagger.hilt.internal.useAggregatingRootProcessor, kapt.kotlin.generated]'
